Testing Supabase Storage Upload via S3 Protocol...
Uploading s3-test-file-1766164119717.txt...
